tests/test-directory/dir-1/dir-2/test-4-dir-2.txt:1, 200, http://www.python.org/
tests/test-directory/dir-1/dir-2/test-4-dir-2.txt:4, 404, http://docs.python.org/something
tests/test-directory/dir-1/test-3-dir-1.txt:3, 404, http://www.google.de/test
tests/test-directory/test-1-dir-0.txt:2, 200, https://www.github.com/
tests/test-directory/test-1-dir-0.txt:5, 200, https://www.bing.com
tests/test-directory/test-2-dir-0.txt:1, 0, http://www.7756466.com
tests/test-directory/test-2-dir-0.txt:3, 404, http://www.dlqx.de/test

Finished checking URLs after -1.00 second(s).
Processed Directories/Files/Lines/Tokens/URLs: 3/7/42/491/7
Sent HTTP GET Requests: 7
